// Vitest Snapshot v1, https://vitest.dev/guide/snapshot.html

exports[`ProductCard Snapshot > matches snapshot 1`] = `
<div>
  <div
    class="flex flex-col w-56 h-60  bg-slate-500 m-3 justify-center items-start cursor-pointer"
  >
    <img
      alt="Sample Product"
      class="w-56 h-36"
      src="https://via.placeholder.com/150"
    />
    <div
      class="p-2"
    >
      <p
        class="line-clamp-2"
      >
        Sample Product
      </p>
      <p>
        $
        29.99
      </p>
    </div>
  </div>
</div>
`;
